这里是打包提测备注